// Jest Snapshot v1, https://goo.gl/fbAQLP

exports[`Weather component Weather component snapshot 1`] = `
<div>
  <div
    class="sc-iCfMLu hLoRyz"
  >
    <div
      class="sc-iqseJM GzWZU"
      data-testid="empty"
    >
      <p>
        Sorry there is/are no weathers forcast
      </p>
    </div>
  </div>
</div>
`;
