// Jest Snapshot v1, https://goo.gl/fbAQLP

exports[`WeatherAction Refresh button snapshot 1`] = `
<div>
  <div
    class="sc-jRQBWg bBjQle"
  >
    <div />
    <div
      class="sc-bdvvtL cwkCTu"
    >
      <div
        class="sc-gsDKAQ kIvtJh input_group"
      >
        <input
          checked=""
          id="c"
          name="degree"
          type="radio"
          value="metric"
        />
        <label
          for="c"
        >
          Celcius
        </label>
      </div>
      <div
        class="sc-gsDKAQ kIvtJh"
      >
        <input
          id="f"
          name="degree"
          type="radio"
          value="imperial"
        />
        <label
          for="f"
        >
          Fahrenheit
        </label>
      </div>
    </div>
    <div
      class="sc-eCImPb uljmJ btn"
      data-testid="refreshBtn"
    >
      Refresh
    </div>
  </div>
</div>
`;
